
> qr_code_menu@0.1.0 build
> next build --webpack

node.exe : ΓÜá Attempted to load @next/swc-win32-x64-msvc, but an error 
occurred: \\?\C:\Users\bidya\OneDrive\Documents\GitHub\qr_cod_shop\node_modules
\@next\swc-win32-x64-msvc\next-swc.win32-x64-msvc.node is not a valid Win32 
application.
At C:\Program Files\nodejs\npm.ps1:29 char:3
+   & $NODE_EXE $NPM_CLI_JS $args
+   ~~~~~~~~~~~~~~~~~~~~~~~~~~~~~
    + CategoryInfo          : NotSpecified: (ΓÜá Attempted t...32 application. 
   :String) [], RemoteException
    + FullyQualifiedErrorId : NativeCommandError
 
\\?\C:\Users\bidya\OneDrive\Documents\GitHub\qr_cod_shop\node_modules\@next\swc
-win32-x64-msvc\next-swc.win32-x64-msvc.node
  Skipping creating a lockfile at C:\Users\bidya\OneDrive\Documents\GitHub\qr_cod_shop\.next\lock because we're using WASM bindings
Γû▓ Next.js 16.1.6 (webpack)

  Creating an optimized production build ...
ΓÜá Attempted to load @next/swc-win32-x64-msvc, but an error occurred: \\?\C:\U
sers\bidya\OneDrive\Documents\GitHub\qr_cod_shop\node_modules\@next\swc-win32-x
64-msvc\next-swc.win32-x64-msvc.node is not a valid Win32 application.
\\?\C:\Users\bidya\OneDrive\Documents\GitHub\qr_cod_shop\node_modules\@next\swc
-win32-x64-msvc\next-swc.win32-x64-msvc.node
ΓÜá Attempted to load @next/swc-win32-x64-msvc, but an error occurred: \\?\C:\U
sers\bidya\OneDrive\Documents\GitHub\qr_cod_shop\node_modules\@next\swc-win32-x
64-msvc\next-swc.win32-x64-msvc.node is not a valid Win32 application.
\\?\C:\Users\bidya\OneDrive\Documents\GitHub\qr_cod_shop\node_modules\@next\swc
-win32-x64-msvc\next-swc.win32-x64-msvc.node
ΓÜá Attempted to load @next/swc-win32-x64-msvc, but an error occurred: \\?\C:\U
sers\bidya\OneDrive\Documents\GitHub\qr_cod_shop\node_modules\@next\swc-win32-x
64-msvc\next-swc.win32-x64-msvc.node is not a valid Win32 application.
\\?\C:\Users\bidya\OneDrive\Documents\GitHub\qr_cod_shop\node_modules\@next\swc
-win32-x64-msvc\next-swc.win32-x64-msvc.node
Γ£ô Compiled successfully in 36.3s
  Running TypeScript ...
  Collecting page data using 1 worker ...
  Generating static pages using 1 worker (0/22) ...
  Generating static pages using 1 worker (5/22) 
  Generating static pages using 1 worker (10/22) 
  Generating static pages using 1 worker (16/22) 
Γ£ô Generating static pages using 1 worker (22/22) in 4.2s
  Finalizing page optimization ...
  Collecting build traces ...

Route (app)
Γöî Γùï /
Γö£ Γùï /_not-found
Γö£ Γùï /admin
Γö£ Γùï /admin/login
Γö£ ╞Æ /api/central/auth/login
Γö£ ╞Æ /api/central/auth/logout
Γö£ ╞Æ /api/central/auth/session
Γö£ ╞Æ /api/central/restaurants
Γö£ ╞Æ /api/central/restaurants/[id]
Γö£ ╞Æ /api/chat
Γö£ ╞Æ /api/payment/checkout
Γö£ ╞Æ /api/payment/status
Γö£ ╞Æ /api/payment/verify
Γö£ ╞Æ /api/payment/webhook/paypal
Γö£ ╞Æ /api/payment/webhook/stripe
Γö£ ╞Æ /api/tenant/auth/login
Γö£ ╞Æ /api/tenant/catalog
Γö£ ╞Æ /api/tenant/resolve
Γö£ Γùï /central
Γö£ Γùï /central/login
Γö£ Γùï /order
Γö£ ╞Æ /t/[slug]
Γö£ ╞Æ /t/[slug]/admin
Γö£ ╞Æ /t/[slug]/admin/login
Γöö ╞Æ /t/[slug]/order


Γùï  (Static)   prerendered as static content
╞Æ  (Dynamic)  server-rendered on demand

